COMMAND
E:\ANACONDA\envs\cytospace_v1.1.0_py310\python.exe -m src.stages.stage4_cytospace --sample human_lung_5loc_fine9_clustered_sim_sc_missing_b_cell_scnoise10 --project_root V:\ --stage3_suffix _scnoise10_stage3ab_full --stage4_suffix _scnoise10_stage3ab_full --filter_scope unsupported_all --stage3b_blank_regions --stage3b_scores_path V:\data\processed\simulation_experiments\human_lung_5loc\human_lung_5loc_fine9_clustered_sim_sc_missing_b_cell_scnoise10\stage3b_st_unsupported_scnoise10_stage3ab_full\spot_unsupported_scores.csv --sc_expr_source normalized --n_processors 1 --n_subspots 800 --mapping_cells_per_spot 5 --filter_mode none --cell_type_column sc_meta

OUTPUT
[stage4] missing_type canonicalized: raw='T cells CD8' -> normalized='T cells CD8' (no alias mapping applied)
[stage4] effective_missing_types=['T cells CD8']
[stage4] sc_expr_source=normalized
[stage4] Stage3B pre-mapping blank mask applied: full_spots=3274, blank_spots=205, mapped_spots=3069
[debug] sc_expr shape=(13186, 2000), st_expr shape=(3069, 2000)
[debug] st_expr index sample=['AAACAAGTATCTCCCA-1', 'AAACACCAATAACTGC-1', 'AAACAGAGCGACTCCT-1']
[debug] st_expr columns sample=['SFTPC', 'FTH1', 'FTL']
[debug] st_coords index sample=['AAACAAGTATCTCCCA-1', 'AAACACCAATAACTGC-1', 'AAACAGAGCGACTCCT-1']
[stage4] writing sc expression ((2000, 13186)) ¡ú sc_expression_for_cytospace.csv
[stage4] writing st expression ((2000, 3069)) ¡ú st_expression_for_cytospace.csv
[stage4] cytospace output dir: V:\result\human_lung_5loc_fine9_clustered_sim_sc_missing_b_cell_scnoise10\stage4_cytospace_scnoise10_stage3ab_full\cytospace_output
Read and validate data ...
Time to read and validate data: 1.98 seconds
Down/up sample of scRNA-seq data according to estimated cell type fractions
Time to down/up sample scRNA-seq data: 4.65 seconds
Number of required processors: 20
Building cost matrix ...
Time to build cost matrix: 0.15 seconds
Solving linear assignment problem ...
Total cost =  -210590609

Time to solve linear assignment problem: 0.46 seconds
Building cost matrix ...
Time to build cost matrix: 0.1 seconds
Solving linear assignment problem ...
Total cost =  -209772915

Time to solve linear assignment problem: 0.4 seconds
Building cost matrix ...
Time to build cost matrix: 0.1 seconds
Solving linear assignment problem ...
Total cost =  -208859691

Time to solve linear assignment problem: 0.39 seconds
Building cost matrix ...
Time to build cost matrix: 0.1 seconds
Solving linear assignment problem ...
Total cost =  -212843703

Time to solve linear assignment problem: 0.39 seconds
Building cost matrix ...
Time to build cost matrix: 0.1 seconds
Solving linear assignment problem ...
Total cost =  -210250528

Time to solve linear assignment problem: 0.38 seconds
Building cost matrix ...
Time to build cost matrix: 0.1 seconds
Solving linear assignment problem ...
Total cost =  -209004395

Time to solve linear assignment problem: 0.4 seconds
Building cost matrix ...
Time to build cost matrix: 0.1 seconds
Solving linear assignment problem ...
Total cost =  -205085712

Time to solve linear assignment problem: 0.38 seconds
Building cost matrix ...
Time to build cost matrix: 0.1 seconds
Solving linear assignment problem ...
Total cost =  -210090069

Time to solve linear assignment problem: 0.39 seconds
Building cost matrix ...
Time to build cost matrix: 0.1 seconds
Solving linear assignment problem ...
Total cost =  -209202470

Time to solve linear assignment problem: 0.39 seconds
Building cost matrix ...
Time to build cost matrix: 0.1 seconds
Solving linear assignment problem ...
Total cost =  -206955054

Time to solve linear assignment problem: 0.39 seconds
Building cost matrix ...
Time to build cost matrix: 0.1 seconds
Solving linear assignment problem ...
Total cost =  -206465480

Time to solve linear assignment problem: 0.39 seconds
Building cost matrix ...
Time to build cost matrix: 0.1 seconds
Solving linear assignment problem ...
Total cost =  -214594522

Time to solve linear assignment problem: 0.39 seconds
Building cost matrix ...
Time to build cost matrix: 0.1 seconds
Solving linear assignment problem ...
Total cost =  -209583214

Time to solve linear assignment problem: 0.39 seconds
Building cost matrix ...
Time to build cost matrix: 0.1 seconds
Solving linear assignment problem ...
Total cost =  -206666176

Time to solve linear assignment problem: 0.39 seconds
Building cost matrix ...
Time to build cost matrix: 0.1 seconds
Solving linear assignment problem ...
Total cost =  -209867598

Time to solve linear assignment problem: 0.38 seconds
Building cost matrix ...
Time to build cost matrix: 0.1 seconds
Solving linear assignment problem ...
Total cost =  -208745032

Time to solve linear assignment problem: 0.41 seconds
Building cost matrix ...
Time to build cost matrix: 0.1 seconds
Solving linear assignment problem ...
Total cost =  -212692556

Time to solve linear assignment problem: 0.39 seconds
Building cost matrix ...
Time to build cost matrix: 0.1 seconds
Solving linear assignment problem ...
Total cost =  -207537006

Time to solve linear assignment problem: 0.42 seconds
Building cost matrix ...
Time to build cost matrix: 0.1 seconds
Solving linear assignment problem ...
Total cost =  -209101498

Time to solve linear assignment problem: 0.4 seconds
Building cost matrix ...
Time to build cost matrix: 0.04 seconds
Solving linear assignment problem ...
Total cost =  -36462009

Time to solve linear assignment problem: 0.01 seconds
Total time to run CytoSPACE core algorithm: 15.68 seconds
Saving results ...
Skipping assigned_expression export (CYTOSPACE_SKIP_ASSIGNED_EXPRESSION=1)
Total execution time: 18.19 seconds
[Stage4 cytospace] summary:
{
  "n_cells_before_prefilter": 13186,
  "n_cells_after_prefilter": 13186,
  "n_filtered": 0,
  "assignment_rows": 15345,
  "assigned_locations_rows": 15345,
  "by_spot_total_cells": 15345,
  "missing_present_in_assignment": 0,
  "missing_present_in_assignment_by_type": {},
  "filter_mode": "none",
  "stage3_weak_th": 0.4,
  "stage3_strong_th": 0.7,
  "sampling_sub_spots": true,
  "n_subspots": 800,
  "solver_method": "lap_CSPR",
  "seed": 42,
  "missing_type_truth": null,
  "missing_type_list": [
    "T cells CD8"
  ],
  "cells_per_spot_override": null,
  "cell_type_column": "sc_meta",
  "filter_scope": "unsupported_all",
  "type_list": [
    "AT2",
    "DC",
    "Ciliated",
    "Macrophage_alveolar",
    "Fibroblast",
    "Endothelia_vascular",
    "Mast_cell",
    "Erythrocyte",
    "Unknown_sc_only"
  ],
  "full_type_list": [
    "AT2",
    "DC",
    "Ciliated",
    "Macrophage_alveolar",
    "Fibroblast",
    "Endothelia_vascular",
    "Mast_cell",
    "Erythrocyte",
    "Unknown_sc_only"
  ],
  "active_type_list": [
    "AT2",
    "DC",
    "Ciliated",
    "Macrophage_alveolar",
    "Fibroblast",
    "Endothelia_vascular",
    "Mast_cell",
    "Erythrocyte"
  ],
  "raw_output_types_by_spot": [
    "Macrophage_alveolar",
    "Fibroblast",
    "Endothelia_vascular",
    "AT2",
    "Mast_cell",
    "Ciliated",
    "DC",
    "Erythrocyte"
  ],
  "raw_output_types_fractional": [
    "Macrophage_alveolar",
    "Fibroblast",
    "Endothelia_vascular",
    "AT2",
    "Mast_cell",
    "Ciliated",
    "DC",
    "Erythrocyte"
  ],
  "type_alignment_ok": true,
  "type_alignment_diff_max": 0.0,
  "marked_unknown_total": 0,
  "marked_unknown_missing": 0,
  "marked_unknown_non_missing": 0,
  "missing_type_total_in_pool": 0,
  "missing_type_total_in_pool_by_type": {},
  "missing_type_stage3_detected": false,
  "oracle_only_filtered_missing": 0,
  "sha1": {
    "cell_assignment": "cc9b1a6332f389645849610fe4cf4e19caf0561c",
    "sim_info": "6408b8fa0476058c56858dc60c056ea16ff13b6c",
    "sc_metadata": "501aa0106bb490ef21da9e1c5c0e64eb8be4e499"
  },
  "cell_assignment_path": "V:\\result\\human_lung_5loc_fine9_clustered_sim_sc_missing_b_cell_scnoise10\\stage4_cytospace_scnoise10_stage3ab_full\\cytospace_output\\cell_assignment.csv",
  "cytospace_output": "V:\\result\\human_lung_5loc_fine9_clustered_sim_sc_missing_b_cell_scnoise10\\stage4_cytospace_scnoise10_stage3ab_full\\cytospace_output",
  "stage3b_blank_regions": {
    "enabled": true,
    "applied_before_mapping": true,
    "scores_path": "E:\\AAAÎÄ¼þ\\Experiment\\SVTuner\\sctuner2.0\\data\\processed\\simulation_experiments\\human_lung_5loc\\human_lung_5loc_fine9_clustered_sim_sc_missing_b_cell_scnoise10\\stage3b_st_unsupported_scnoise10_stage3ab_full\\spot_unsupported_scores.csv",
    "scores_sha1": "55fca98a4b62d8eb0f911412e4edead4ba81190e",
    "blank_manifest_path": "V:\\result\\human_lung_5loc_fine9_clustered_sim_sc_missing_b_cell_scnoise10\\stage4_cytospace_scnoise10_stage3ab_full\\cytospace_output\\stage3b_blank_spots.csv",
    "blank_manifest_sha1": "e30e591224720c9e1eb72ee007bd3d1260ca495c",
    "full_spots": 3274,
    "mapped_spots": 3069,
    "blank_spots": 205,
    "mapping_capacity_removed": 1025,
    "assignment_blank_hits": {
      "assigned_locations.csv": 0,
      "cell_assignment.csv": 0
    },
    "restored_output_rows": {
      "cell_type_assignments_by_spot.csv": {
        "full_spots": 3274,
        "blank_rows": 205,
        "blank_nonzero_rows": 0
      },
      "fractional_abundances_by_spot.csv": {
        "full_spots": 3274,
        "blank_rows": 205,
        "blank_nonzero_rows": 0
      }
    }
  },
  "mapping_cells_per_spot": 5,
  "truth_filter_enabled": false,
  "truth_filter_removed": 0,
  "mapping_cell_type_column": "sc_meta",
  "route2_restored_unknown_non_missing": 0,
  "route2_kept_unknown_missing": 0
}
[Stage4] Cleaned redundant: ['sc_expression_for_cytospace.csv', 'st_expression_for_cytospace.csv']
