COMMAND
E:\ANACONDA\envs\cytospace_v1.1.0_py310\python.exe -m src.stages.stage4_cytospace --sample human_lung_5loc_fine9_clustered_sim_missing_at2_fibroblast_sc_missing_b_cell_scnoise10 --project_root V:\ --stage3_suffix _scnoise10_stage3ab_full --stage4_suffix _scnoise10_stage3ab_full --filter_scope unsupported_all --stage3b_blank_regions --stage3b_scores_path V:\data\processed\simulation_experiments\human_lung_5loc\human_lung_5loc_fine9_clustered_sim_missing_at2_fibroblast_sc_missing_b_cell_scnoise10\stage3b_st_unsupported_scnoise10_stage3ab_full\spot_unsupported_scores.csv --sc_expr_source normalized --n_processors 1 --n_subspots 800 --mapping_cells_per_spot 5 --filter_mode plugin_unknown --cell_type_column plugin_type

OUTPUT
[stage4] missing_type canonicalized: raw='T cells CD8' -> normalized='T cells CD8' (no alias mapping applied)
[stage4] effective_missing_types=['T cells CD8', 'AT2', 'Fibroblast']
[stage4] sc_expr_source=normalized
[stage4] Stage3B pre-mapping blank mask applied: full_spots=3265, blank_spots=8, mapped_spots=3257
[debug] sc_expr shape=(13186, 2000), st_expr shape=(3257, 2000)
[debug] st_expr index sample=['AAACAAGTATCTCCCA-1', 'AAACACCAATAACTGC-1', 'AAACAGAGCGACTCCT-1']
[debug] st_expr columns sample=['SFTPC', 'FTH1', 'FTL']
[debug] st_coords index sample=['AAACAAGTATCTCCCA-1', 'AAACACCAATAACTGC-1', 'AAACAGAGCGACTCCT-1']
[stage4] writing sc expression ((2000, 10407)) ¡ú sc_expression_for_cytospace.csv
[stage4] writing st expression ((2000, 3257)) ¡ú st_expression_for_cytospace.csv
[stage4] cytospace output dir: V:\result\human_lung_5loc_fine9_clustered_sim_missing_at2_fibroblast_sc_missing_b_cell_scnoise10\stage4_cytospace_scnoise10_stage3ab_full\cytospace_output
Read and validate data ...
Time to read and validate data: 1.58 seconds
Down/up sample of scRNA-seq data according to estimated cell type fractions
Time to down/up sample scRNA-seq data: 3.16 seconds
Number of required processors: 21
Building cost matrix ...
Time to build cost matrix: 0.11 seconds
Solving linear assignment problem ...
Total cost =  -204676516

Time to solve linear assignment problem: 0.4 seconds
Building cost matrix ...
Time to build cost matrix: 0.1 seconds
Solving linear assignment problem ...
Total cost =  -203964675

Time to solve linear assignment problem: 0.38 seconds
Building cost matrix ...
Time to build cost matrix: 0.11 seconds
Solving linear assignment problem ...
Total cost =  -201446106

Time to solve linear assignment problem: 0.38 seconds
Building cost matrix ...
Time to build cost matrix: 0.11 seconds
Solving linear assignment problem ...
Total cost =  -201718911

Time to solve linear assignment problem: 0.38 seconds
Building cost matrix ...
Time to build cost matrix: 0.11 seconds
Solving linear assignment problem ...
Total cost =  -202496262

Time to solve linear assignment problem: 0.39 seconds
Building cost matrix ...
Time to build cost matrix: 0.11 seconds
Solving linear assignment problem ...
Total cost =  -207311365

Time to solve linear assignment problem: 0.39 seconds
Building cost matrix ...
Time to build cost matrix: 0.1 seconds
Solving linear assignment problem ...
Total cost =  -204783508

Time to solve linear assignment problem: 0.38 seconds
Building cost matrix ...
Time to build cost matrix: 0.1 seconds
Solving linear assignment problem ...
Total cost =  -212270159

Time to solve linear assignment problem: 0.38 seconds
Building cost matrix ...
Time to build cost matrix: 0.1 seconds
Solving linear assignment problem ...
Total cost =  -205515403

Time to solve linear assignment problem: 0.38 seconds
Building cost matrix ...
Time to build cost matrix: 0.1 seconds
Solving linear assignment problem ...
Total cost =  -203132258

Time to solve linear assignment problem: 0.38 seconds
Building cost matrix ...
Time to build cost matrix: 0.1 seconds
Solving linear assignment problem ...
Total cost =  -203511201

Time to solve linear assignment problem: 0.38 seconds
Building cost matrix ...
Time to build cost matrix: 0.1 seconds
Solving linear assignment problem ...
Total cost =  -207546871

Time to solve linear assignment problem: 0.4 seconds
Building cost matrix ...
Time to build cost matrix: 0.11 seconds
Solving linear assignment problem ...
Total cost =  -209095802

Time to solve linear assignment problem: 0.38 seconds
Building cost matrix ...
Time to build cost matrix: 0.1 seconds
Solving linear assignment problem ...
Total cost =  -210053750

Time to solve linear assignment problem: 0.38 seconds
Building cost matrix ...
Time to build cost matrix: 0.1 seconds
Solving linear assignment problem ...
Total cost =  -205582630

Time to solve linear assignment problem: 0.38 seconds
Building cost matrix ...
Time to build cost matrix: 0.1 seconds
Solving linear assignment problem ...
Total cost =  -209900349

Time to solve linear assignment problem: 0.38 seconds
Building cost matrix ...
Time to build cost matrix: 0.1 seconds
Solving linear assignment problem ...
Total cost =  -209809371

Time to solve linear assignment problem: 0.38 seconds
Building cost matrix ...
Time to build cost matrix: 0.11 seconds
Solving linear assignment problem ...
Total cost =  -205215868

Time to solve linear assignment problem: 0.4 seconds
Building cost matrix ...
Time to build cost matrix: 0.1 seconds
Solving linear assignment problem ...
Total cost =  -208475226

Time to solve linear assignment problem: 0.39 seconds
Building cost matrix ...
Time to build cost matrix: 0.1 seconds
Solving linear assignment problem ...
Total cost =  -205432074

Time to solve linear assignment problem: 0.39 seconds
Building cost matrix ...
Time to build cost matrix: 0.05 seconds
Solving linear assignment problem ...
Total cost =  -73128121

Time to solve linear assignment problem: 0.05 seconds
Total time to run CytoSPACE core algorithm: 14.51 seconds
Saving results ...
Skipping assigned_expression export (CYTOSPACE_SKIP_ASSIGNED_EXPRESSION=1)
Total execution time: 16.63 seconds
[Stage4 cytospace] summary:
{
  "n_cells_before_prefilter": 13186,
  "n_cells_after_prefilter": 10407,
  "n_filtered": 2779,
  "assignment_rows": 16285,
  "assigned_locations_rows": 16285,
  "by_spot_total_cells": 16285,
  "missing_present_in_assignment": 4841,
  "missing_present_in_assignment_by_type": {
    "AT2": 0,
    "Fibroblast": 4841
  },
  "filter_mode": "plugin_unknown",
  "stage3_weak_th": 0.4,
  "stage3_strong_th": 0.7,
  "sampling_sub_spots": true,
  "n_subspots": 800,
  "solver_method": "lap_CSPR",
  "seed": 42,
  "missing_type_truth": "AT2",
  "missing_type_list": [
    "T cells CD8",
    "AT2",
    "Fibroblast"
  ],
  "cells_per_spot_override": null,
  "cell_type_column": "plugin_type",
  "filter_scope": "unsupported_all",
  "type_list": [
    "AT2",
    "DC",
    "Ciliated",
    "Macrophage_alveolar",
    "Fibroblast",
    "Endothelia_vascular",
    "Mast_cell",
    "Erythrocyte",
    "Unknown_sc_only"
  ],
  "full_type_list": [
    "AT2",
    "DC",
    "Ciliated",
    "Macrophage_alveolar",
    "Fibroblast",
    "Endothelia_vascular",
    "Mast_cell",
    "Erythrocyte",
    "Unknown_sc_only"
  ],
  "active_type_list": [
    "DC",
    "Ciliated",
    "Macrophage_alveolar",
    "Fibroblast",
    "Endothelia_vascular",
    "Mast_cell",
    "Erythrocyte"
  ],
  "raw_output_types_by_spot": [
    "Endothelia_vascular",
    "Erythrocyte",
    "DC",
    "Macrophage_alveolar",
    "Mast_cell",
    "Fibroblast",
    "Ciliated"
  ],
  "raw_output_types_fractional": [
    "Endothelia_vascular",
    "Erythrocyte",
    "DC",
    "Macrophage_alveolar",
    "Mast_cell",
    "Fibroblast",
    "Ciliated"
  ],
  "type_alignment_ok": true,
  "type_alignment_diff_max": 0.0,
  "marked_unknown_total": 2779,
  "marked_unknown_missing": 2779,
  "marked_unknown_non_missing": 0,
  "missing_type_total_in_pool": 5870,
  "missing_type_total_in_pool_by_type": {
    "Fibroblast": 3091,
    "AT2": 2779
  },
  "missing_type_stage3_detected": true,
  "oracle_only_filtered_missing": 3091,
  "sha1": {
    "cell_assignment": "86a695f0fefecdd399f185af8bee59ddfa7b7b1c",
    "sim_info": "190d82e8dea017779608e690077375a1cbf1a7b0",
    "sc_metadata": "501aa0106bb490ef21da9e1c5c0e64eb8be4e499"
  },
  "cell_assignment_path": "V:\\result\\human_lung_5loc_fine9_clustered_sim_missing_at2_fibroblast_sc_missing_b_cell_scnoise10\\stage4_cytospace_scnoise10_stage3ab_full\\cytospace_output\\cell_assignment.csv",
  "cytospace_output": "V:\\result\\human_lung_5loc_fine9_clustered_sim_missing_at2_fibroblast_sc_missing_b_cell_scnoise10\\stage4_cytospace_scnoise10_stage3ab_full\\cytospace_output",
  "stage3b_blank_regions": {
    "enabled": true,
    "applied_before_mapping": true,
    "scores_path": "E:\\AAAÎÄ¼þ\\Experiment\\SVTuner\\sctuner2.0\\data\\processed\\simulation_experiments\\human_lung_5loc\\human_lung_5loc_fine9_clustered_sim_missing_at2_fibroblast_sc_missing_b_cell_scnoise10\\stage3b_st_unsupported_scnoise10_stage3ab_full\\spot_unsupported_scores.csv",
    "scores_sha1": "946b6ff9357c39fd581d355ae84af9e283878f44",
    "blank_manifest_path": "V:\\result\\human_lung_5loc_fine9_clustered_sim_missing_at2_fibroblast_sc_missing_b_cell_scnoise10\\stage4_cytospace_scnoise10_stage3ab_full\\cytospace_output\\stage3b_blank_spots.csv",
    "blank_manifest_sha1": "c92895d6672c6d994415d2f0e6754008e4ce8a29",
    "full_spots": 3265,
    "mapped_spots": 3257,
    "blank_spots": 8,
    "mapping_capacity_removed": 40,
    "assignment_blank_hits": {
      "assigned_locations.csv": 0,
      "cell_assignment.csv": 0
    },
    "restored_output_rows": {
      "cell_type_assignments_by_spot.csv": {
        "full_spots": 3265,
        "blank_rows": 8,
        "blank_nonzero_rows": 0
      },
      "fractional_abundances_by_spot.csv": {
        "full_spots": 3265,
        "blank_rows": 8,
        "blank_nonzero_rows": 0
      }
    }
  },
  "mapping_cells_per_spot": 5,
  "truth_filter_enabled": false,
  "truth_filter_removed": 0,
  "mapping_cell_type_column": "plugin_type",
  "route2_restored_unknown_non_missing": 0,
  "route2_kept_unknown_missing": 0
}
[Stage4] Cleaned redundant: ['sc_expression_for_cytospace.csv', 'st_expression_for_cytospace.csv']
