COMMAND
E:\ANACONDA\envs\cytospace_v1.1.0_py310\python.exe -m src.stages.stage4_cytospace --sample mouse_brain_refined7_balanced_clustered_sim_missing_micro_oligo_2_fill_inh_pvalb_sc_missing_ext_l56_scnoise10 --project_root V:\ --stage3_suffix _scnoise10_stage3ab_full --stage4_suffix _scnoise10_stage3ab_full --filter_scope unsupported_all --stage3b_blank_regions --stage3b_scores_path V:\data\processed\simulation_experiments\mouse_brain_refined\mouse_brain_refined7_balanced_clustered_sim_missing_micro_oligo_2_fill_inh_pvalb_sc_missing_ext_l56_scnoise10\stage3b_st_unsupported_scnoise10_stage3ab_full\spot_unsupported_scores.csv --sc_expr_source normalized --n_processors 1 --n_subspots 800 --mapping_cells_per_spot 5 --filter_mode plugin_unknown --cell_type_column plugin_type

OUTPUT
[stage4] missing_type canonicalized: raw='T cells CD8' -> normalized='T cells CD8' (no alias mapping applied)
[stage4] effective_missing_types=['T cells CD8', 'Micro', 'Oligo_2']
[stage4] sc_expr_source=normalized
[stage4] Stage3B pre-mapping blank mask applied: full_spots=8469, blank_spots=3042, mapped_spots=5427
[debug] sc_expr shape=(5112, 2000), st_expr shape=(5427, 2000)
[debug] st_expr index sample=['AACAATGGAACCACAT-1', 'AACACCAGCCTACTCG-1', 'AACACCTAAGCATTGC-1']
[debug] st_expr columns sample=['Rbfox1', 'Kcnip4', 'Erbb4']
[debug] st_coords index sample=['AACAATGGAACCACAT-1', 'AACACCAGCCTACTCG-1', 'AACACCTAAGCATTGC-1']
[stage4] writing sc expression ((2000, 3112)) ¡ú sc_expression_for_cytospace.csv
[stage4] writing st expression ((2000, 5427)) ¡ú st_expression_for_cytospace.csv
[stage4] cytospace output dir: V:\result\mouse_brain_refined7_balanced_clustered_sim_missing_micro_oligo_2_fill_inh_pvalb_sc_missing_ext_l56_scnoise10\stage4_cytospace_scnoise10_stage3ab_full\cytospace_output
Read and validate data ...
Time to read and validate data: 0.6 seconds
Down/up sample of scRNA-seq data according to estimated cell type fractions
Time to down/up sample scRNA-seq data: 2.61 seconds
Number of required processors: 34
Building cost matrix ...
Time to build cost matrix: 0.17 seconds
Solving linear assignment problem ...
Total cost =  -199311761

Time to solve linear assignment problem: 0.38 seconds
Building cost matrix ...
Time to build cost matrix: 0.17 seconds
Solving linear assignment problem ...
Total cost =  -199850858

Time to solve linear assignment problem: 0.39 seconds
Building cost matrix ...
Time to build cost matrix: 0.17 seconds
Solving linear assignment problem ...
Total cost =  -201094760

Time to solve linear assignment problem: 0.39 seconds
Building cost matrix ...
Time to build cost matrix: 0.17 seconds
Solving linear assignment problem ...
Total cost =  -198630186

Time to solve linear assignment problem: 0.38 seconds
Building cost matrix ...
Time to build cost matrix: 0.17 seconds
Solving linear assignment problem ...
Total cost =  -200202866

Time to solve linear assignment problem: 0.38 seconds
Building cost matrix ...
Time to build cost matrix: 0.17 seconds
Solving linear assignment problem ...
Total cost =  -197816856

Time to solve linear assignment problem: 0.38 seconds
Building cost matrix ...
Time to build cost matrix: 0.17 seconds
Solving linear assignment problem ...
Total cost =  -198797402

Time to solve linear assignment problem: 0.38 seconds
Building cost matrix ...
Time to build cost matrix: 0.17 seconds
Solving linear assignment problem ...
Total cost =  -199243264

Time to solve linear assignment problem: 0.38 seconds
Building cost matrix ...
Time to build cost matrix: 0.17 seconds
Solving linear assignment problem ...
Total cost =  -200518590

Time to solve linear assignment problem: 0.38 seconds
Building cost matrix ...
Time to build cost matrix: 0.17 seconds
Solving linear assignment problem ...
Total cost =  -197856780

Time to solve linear assignment problem: 0.38 seconds
Building cost matrix ...
Time to build cost matrix: 0.17 seconds
Solving linear assignment problem ...
Total cost =  -201992444

Time to solve linear assignment problem: 0.38 seconds
Building cost matrix ...
Time to build cost matrix: 0.17 seconds
Solving linear assignment problem ...
Total cost =  -198659562

Time to solve linear assignment problem: 0.38 seconds
Building cost matrix ...
Time to build cost matrix: 0.17 seconds
Solving linear assignment problem ...
Total cost =  -200975549

Time to solve linear assignment problem: 0.39 seconds
Building cost matrix ...
Time to build cost matrix: 0.17 seconds
Solving linear assignment problem ...
Total cost =  -202704869

Time to solve linear assignment problem: 0.38 seconds
Building cost matrix ...
Time to build cost matrix: 0.17 seconds
Solving linear assignment problem ...
Total cost =  -204388757

Time to solve linear assignment problem: 0.38 seconds
Building cost matrix ...
Time to build cost matrix: 0.17 seconds
Solving linear assignment problem ...
Total cost =  -197042512

Time to solve linear assignment problem: 0.38 seconds
Building cost matrix ...
Time to build cost matrix: 0.17 seconds
Solving linear assignment problem ...
Total cost =  -202817501

Time to solve linear assignment problem: 0.39 seconds
Building cost matrix ...
Time to build cost matrix: 0.17 seconds
Solving linear assignment problem ...
Total cost =  -201052715

Time to solve linear assignment problem: 0.39 seconds
Building cost matrix ...
Time to build cost matrix: 0.17 seconds
Solving linear assignment problem ...
Total cost =  -200918953

Time to solve linear assignment problem: 0.38 seconds
Building cost matrix ...
Time to build cost matrix: 0.17 seconds
Solving linear assignment problem ...
Total cost =  -203774859

Time to solve linear assignment problem: 0.38 seconds
Building cost matrix ...
Time to build cost matrix: 0.17 seconds
Solving linear assignment problem ...
Total cost =  -203804536

Time to solve linear assignment problem: 0.4 seconds
Building cost matrix ...
Time to build cost matrix: 0.17 seconds
Solving linear assignment problem ...
Total cost =  -202801247

Time to solve linear assignment problem: 0.39 seconds
Building cost matrix ...
Time to build cost matrix: 0.17 seconds
Solving linear assignment problem ...
Total cost =  -203277894

Time to solve linear assignment problem: 0.38 seconds
Building cost matrix ...
Time to build cost matrix: 0.17 seconds
Solving linear assignment problem ...
Total cost =  -200420842

Time to solve linear assignment problem: 0.38 seconds
Building cost matrix ...
Time to build cost matrix: 0.17 seconds
Solving linear assignment problem ...
Total cost =  -198946045

Time to solve linear assignment problem: 0.38 seconds
Building cost matrix ...
Time to build cost matrix: 0.17 seconds
Solving linear assignment problem ...
Total cost =  -200203356

Time to solve linear assignment problem: 0.39 seconds
Building cost matrix ...
Time to build cost matrix: 0.17 seconds
Solving linear assignment problem ...
Total cost =  -200961071

Time to solve linear assignment problem: 0.4 seconds
Building cost matrix ...
Time to build cost matrix: 0.17 seconds
Solving linear assignment problem ...
Total cost =  -198726162

Time to solve linear assignment problem: 0.38 seconds
Building cost matrix ...
Time to build cost matrix: 0.17 seconds
Solving linear assignment problem ...
Total cost =  -199351038

Time to solve linear assignment problem: 0.38 seconds
Building cost matrix ...
Time to build cost matrix: 0.17 seconds
Solving linear assignment problem ...
Total cost =  -201336862

Time to solve linear assignment problem: 0.38 seconds
Building cost matrix ...
Time to build cost matrix: 0.17 seconds
Solving linear assignment problem ...
Total cost =  -198650109

Time to solve linear assignment problem: 0.38 seconds
Building cost matrix ...
Time to build cost matrix: 0.17 seconds
Solving linear assignment problem ...
Total cost =  -200220420

Time to solve linear assignment problem: 0.38 seconds
Building cost matrix ...
Time to build cost matrix: 0.17 seconds
Solving linear assignment problem ...
Total cost =  -199847792

Time to solve linear assignment problem: 0.38 seconds
Building cost matrix ...
Time to build cost matrix: 0.16 seconds
Solving linear assignment problem ...
Total cost =  -182440050

Time to solve linear assignment problem: 0.33 seconds
Total time to run CytoSPACE core algorithm: 23.4 seconds
Saving results ...
Skipping assigned_expression export (CYTOSPACE_SKIP_ASSIGNED_EXPRESSION=1)
Total execution time: 24.85 seconds
[Stage4 cytospace] summary:
{
  "n_cells_before_prefilter": 5112,
  "n_cells_after_prefilter": 3112,
  "n_filtered": 2000,
  "assignment_rows": 27135,
  "assigned_locations_rows": 27135,
  "by_spot_total_cells": 27135,
  "missing_present_in_assignment": 0,
  "missing_present_in_assignment_by_type": {
    "Micro": 0,
    "Oligo_2": 0
  },
  "filter_mode": "plugin_unknown",
  "stage3_weak_th": 0.4,
  "stage3_strong_th": 0.7,
  "sampling_sub_spots": true,
  "n_subspots": 800,
  "solver_method": "lap_CSPR",
  "seed": 42,
  "missing_type_truth": "Micro",
  "missing_type_list": [
    "T cells CD8",
    "Micro",
    "Oligo_2"
  ],
  "cells_per_spot_override": null,
  "cell_type_column": "plugin_type",
  "filter_scope": "unsupported_all",
  "type_list": [
    "Ext_Thal_1",
    "Inh_Pvalb",
    "Oligo_2",
    "Astro_CTX",
    "Nb_1",
    "Micro",
    "Unknown_sc_only"
  ],
  "full_type_list": [
    "Ext_Thal_1",
    "Inh_Pvalb",
    "Oligo_2",
    "Astro_CTX",
    "Nb_1",
    "Micro",
    "Unknown_sc_only"
  ],
  "active_type_list": [
    "Ext_Thal_1",
    "Inh_Pvalb",
    "Astro_CTX",
    "Nb_1"
  ],
  "raw_output_types_by_spot": [
    "Astro_CTX",
    "Nb_1",
    "Inh_Pvalb",
    "Ext_Thal_1"
  ],
  "raw_output_types_fractional": [
    "Astro_CTX",
    "Nb_1",
    "Inh_Pvalb",
    "Ext_Thal_1"
  ],
  "type_alignment_ok": true,
  "type_alignment_diff_max": 0.0,
  "marked_unknown_total": 2000,
  "marked_unknown_missing": 2000,
  "marked_unknown_non_missing": 0,
  "missing_type_total_in_pool": 2000,
  "missing_type_total_in_pool_by_type": {
    "Oligo_2": 1000,
    "Micro": 1000
  },
  "missing_type_stage3_detected": true,
  "oracle_only_filtered_missing": 0,
  "sha1": {
    "cell_assignment": "017415f9211754736b52b4f80d04662d2bf4bb53",
    "sim_info": "5fdeed50db52398e4f3802d390b24e8790796d58",
    "sc_metadata": "fb68e57397c71fb615259900b140cd5e95a2f849"
  },
  "cell_assignment_path": "V:\\result\\mouse_brain_refined7_balanced_clustered_sim_missing_micro_oligo_2_fill_inh_pvalb_sc_missing_ext_l56_scnoise10\\stage4_cytospace_scnoise10_stage3ab_full\\cytospace_output\\cell_assignment.csv",
  "cytospace_output": "V:\\result\\mouse_brain_refined7_balanced_clustered_sim_missing_micro_oligo_2_fill_inh_pvalb_sc_missing_ext_l56_scnoise10\\stage4_cytospace_scnoise10_stage3ab_full\\cytospace_output",
  "stage3b_blank_regions": {
    "enabled": true,
    "applied_before_mapping": true,
    "scores_path": "\\\\?\\E:\\AAAÎÄ¼þ\\Experiment\\SVTuner\\sctuner2.0\\data\\processed\\simulation_experiments\\mouse_brain_refined\\mouse_brain_refined7_balanced_clustered_sim_missing_micro_oligo_2_fill_inh_pvalb_sc_missing_ext_l56_scnoise10\\stage3b_st_unsupported_scnoise10_stage3ab_full\\spot_unsupported_scores.csv",
    "scores_sha1": "091a880d452fc22dab8752a6f14cd475597a44cb",
    "blank_manifest_path": "V:\\result\\mouse_brain_refined7_balanced_clustered_sim_missing_micro_oligo_2_fill_inh_pvalb_sc_missing_ext_l56_scnoise10\\stage4_cytospace_scnoise10_stage3ab_full\\cytospace_output\\stage3b_blank_spots.csv",
    "blank_manifest_sha1": "4605825509ca4bdbb668f9a09b09bc07d9fe7cee",
    "full_spots": 8469,
    "mapped_spots": 5427,
    "blank_spots": 3042,
    "mapping_capacity_removed": 15210,
    "assignment_blank_hits": {
      "assigned_locations.csv": 0,
      "cell_assignment.csv": 0
    },
    "restored_output_rows": {
      "cell_type_assignments_by_spot.csv": {
        "full_spots": 8469,
        "blank_rows": 3042,
        "blank_nonzero_rows": 0
      },
      "fractional_abundances_by_spot.csv": {
        "full_spots": 8469,
        "blank_rows": 3042,
        "blank_nonzero_rows": 0
      }
    }
  },
  "mapping_cells_per_spot": 5,
  "truth_filter_enabled": false,
  "truth_filter_removed": 0,
  "mapping_cell_type_column": "plugin_type",
  "route2_restored_unknown_non_missing": 0,
  "route2_kept_unknown_missing": 0
}
[Stage4] Cleaned redundant: ['sc_expression_for_cytospace.csv', 'st_expression_for_cytospace.csv']
