COMMAND
E:\tmp\conda_envs\svtuner_multimethod_py310\python.exe V:\scripts\run_nine_scenario_method_benchmark.py --project_root V:\ --python E:\tmp\conda_envs\svtuner_multimethod_py310\python.exe --scenario_preset composite --sample_suffix _scnoise05

OUTPUT
[RUN] tangram_all: real_brca7_endothelial_marker_control_sc_missing_endothelial_cells_scnoise05
[OK] tangram_all ok: real_brca7_endothelial_marker_control_sc_missing_endothelial_cells_scnoise05 -> V:\result\real_brca7_endothelial_marker_control_sc_missing_endothelial_cells_scnoise05\stage4_mapping\tangram_all
[RUN] tangram_all: real_brca7_endothelial_marker_missing_epithelial_cells_sc_missing_endothelial_cells_scnoise05
[OK] tangram_all ok: real_brca7_endothelial_marker_missing_epithelial_cells_sc_missing_endothelial_cells_scnoise05 -> V:\result\real_brca7_endothelial_marker_missing_epithelial_cells_sc_missing_endothelial_cells_scnoise05\stage4_mapping\tangram_all
[RUN] tangram_all: real_brca7_endothelial_marker_missing_epithelial_cells_pcs_sc_missing_endothelial_cells_scnoise05
[OK] tangram_all ok: real_brca7_endothelial_marker_missing_epithelial_cells_pcs_sc_missing_endothelial_cells_scnoise05 -> V:\result\real_brca7_endothelial_marker_missing_epithelial_cells_pcs_sc_missing_endothelial_cells_scnoise05\stage4_mapping\tangram_all
[RUN] tangram_all: human_lung_5loc_fine9_clustered_sim_sc_missing_b_cell_scnoise05
[OK] tangram_all ok: human_lung_5loc_fine9_clustered_sim_sc_missing_b_cell_scnoise05 -> V:\result\human_lung_5loc_fine9_clustered_sim_sc_missing_b_cell_scnoise05\stage4_mapping\tangram_all
[RUN] tangram_all: human_lung_5loc_fine9_clustered_sim_missing_at2_sc_missing_b_cell_scnoise05
[OK] tangram_all ok: human_lung_5loc_fine9_clustered_sim_missing_at2_sc_missing_b_cell_scnoise05 -> V:\result\human_lung_5loc_fine9_clustered_sim_missing_at2_sc_missing_b_cell_scnoise05\stage4_mapping\tangram_all
[RUN] tangram_all: human_lung_5loc_fine9_clustered_sim_missing_at2_fibroblast_sc_missing_b_cell_scnoise05
[OK] tangram_all ok: human_lung_5loc_fine9_clustered_sim_missing_at2_fibroblast_sc_missing_b_cell_scnoise05 -> V:\result\human_lung_5loc_fine9_clustered_sim_missing_at2_fibroblast_sc_missing_b_cell_scnoise05\stage4_mapping\tangram_all
[RUN] tangram_all: mouse_brain_refined7_balanced_clustered_sim_sc_missing_ext_l56_scnoise05
[OK] tangram_all ok: mouse_brain_refined7_balanced_clustered_sim_sc_missing_ext_l56_scnoise05 -> V:\result\mouse_brain_refined7_balanced_clustered_sim_sc_missing_ext_l56_scnoise05\stage4_mapping\tangram_all
[RUN] tangram_all: mouse_brain_refined7_balanced_clustered_sim_missing_micro_fill_inh_pvalb_sc_missing_ext_l56_scnoise05
[OK] tangram_all ok: mouse_brain_refined7_balanced_clustered_sim_missing_micro_fill_inh_pvalb_sc_missing_ext_l56_scnoise05 -> V:\result\mouse_brain_refined7_balanced_clustered_sim_missing_micro_fill_inh_pvalb_sc_missing_ext_l56_scnoise05\stage4_mapping\tangram_all
[RUN] tangram_all: mouse_brain_refined7_balanced_clustered_sim_missing_micro_oligo_2_fill_inh_pvalb_sc_missing_ext_l56_scnoise05
[OK] tangram_all ok: mouse_brain_refined7_balanced_clustered_sim_missing_micro_oligo_2_fill_inh_pvalb_sc_missing_ext_l56_scnoise05 -> V:\result\mouse_brain_refined7_balanced_clustered_sim_missing_micro_oligo_2_fill_inh_pvalb_sc_missing_ext_l56_scnoise05\stage4_mapping\tangram_all
[RUN] tangram_marker: real_brca7_endothelial_marker_control_sc_missing_endothelial_cells_scnoise05
[OK] tangram_marker ok: real_brca7_endothelial_marker_control_sc_missing_endothelial_cells_scnoise05 -> V:\result\real_brca7_endothelial_marker_control_sc_missing_endothelial_cells_scnoise05\stage4_mapping\tangram_marker
[RUN] tangram_marker: real_brca7_endothelial_marker_missing_epithelial_cells_sc_missing_endothelial_cells_scnoise05
[OK] tangram_marker ok: real_brca7_endothelial_marker_missing_epithelial_cells_sc_missing_endothelial_cells_scnoise05 -> V:\result\real_brca7_endothelial_marker_missing_epithelial_cells_sc_missing_endothelial_cells_scnoise05\stage4_mapping\tangram_marker
[RUN] tangram_marker: real_brca7_endothelial_marker_missing_epithelial_cells_pcs_sc_missing_endothelial_cells_scnoise05
[OK] tangram_marker ok: real_brca7_endothelial_marker_missing_epithelial_cells_pcs_sc_missing_endothelial_cells_scnoise05 -> V:\result\real_brca7_endothelial_marker_missing_epithelial_cells_pcs_sc_missing_endothelial_cells_scnoise05\stage4_mapping\tangram_marker
[RUN] tangram_marker: human_lung_5loc_fine9_clustered_sim_sc_missing_b_cell_scnoise05
[OK] tangram_marker ok: human_lung_5loc_fine9_clustered_sim_sc_missing_b_cell_scnoise05 -> V:\result\human_lung_5loc_fine9_clustered_sim_sc_missing_b_cell_scnoise05\stage4_mapping\tangram_marker
[RUN] tangram_marker: human_lung_5loc_fine9_clustered_sim_missing_at2_sc_missing_b_cell_scnoise05
[OK] tangram_marker ok: human_lung_5loc_fine9_clustered_sim_missing_at2_sc_missing_b_cell_scnoise05 -> V:\result\human_lung_5loc_fine9_clustered_sim_missing_at2_sc_missing_b_cell_scnoise05\stage4_mapping\tangram_marker
[RUN] tangram_marker: human_lung_5loc_fine9_clustered_sim_missing_at2_fibroblast_sc_missing_b_cell_scnoise05
[OK] tangram_marker ok: human_lung_5loc_fine9_clustered_sim_missing_at2_fibroblast_sc_missing_b_cell_scnoise05 -> V:\result\human_lung_5loc_fine9_clustered_sim_missing_at2_fibroblast_sc_missing_b_cell_scnoise05\stage4_mapping\tangram_marker
[RUN] tangram_marker: mouse_brain_refined7_balanced_clustered_sim_sc_missing_ext_l56_scnoise05
[OK] tangram_marker ok: mouse_brain_refined7_balanced_clustered_sim_sc_missing_ext_l56_scnoise05 -> V:\result\mouse_brain_refined7_balanced_clustered_sim_sc_missing_ext_l56_scnoise05\stage4_mapping\tangram_marker
[RUN] tangram_marker: mouse_brain_refined7_balanced_clustered_sim_missing_micro_fill_inh_pvalb_sc_missing_ext_l56_scnoise05
[OK] tangram_marker ok: mouse_brain_refined7_balanced_clustered_sim_missing_micro_fill_inh_pvalb_sc_missing_ext_l56_scnoise05 -> V:\result\mouse_brain_refined7_balanced_clustered_sim_missing_micro_fill_inh_pvalb_sc_missing_ext_l56_scnoise05\stage4_mapping\tangram_marker
[RUN] tangram_marker: mouse_brain_refined7_balanced_clustered_sim_missing_micro_oligo_2_fill_inh_pvalb_sc_missing_ext_l56_scnoise05
[OK] tangram_marker ok: mouse_brain_refined7_balanced_clustered_sim_missing_micro_oligo_2_fill_inh_pvalb_sc_missing_ext_l56_scnoise05 -> V:\result\mouse_brain_refined7_balanced_clustered_sim_missing_micro_oligo_2_fill_inh_pvalb_sc_missing_ext_l56_scnoise05\stage4_mapping\tangram_marker
[RUN] novosparc: real_brca7_endothelial_marker_control_sc_missing_endothelial_cells_scnoise05
[OK] novosparc: real_brca7_endothelial_marker_control_sc_missing_endothelial_cells_scnoise05 -> V:\result\real_brca7_endothelial_marker_control_sc_missing_endothelial_cells_scnoise05\stage4_mapping\novosparc
[RUN] novosparc: real_brca7_endothelial_marker_missing_epithelial_cells_sc_missing_endothelial_cells_scnoise05
[OK] novosparc: real_brca7_endothelial_marker_missing_epithelial_cells_sc_missing_endothelial_cells_scnoise05 -> V:\result\real_brca7_endothelial_marker_missing_epithelial_cells_sc_missing_endothelial_cells_scnoise05\stage4_mapping\novosparc
[RUN] novosparc: real_brca7_endothelial_marker_missing_epithelial_cells_pcs_sc_missing_endothelial_cells_scnoise05
[OK] novosparc: real_brca7_endothelial_marker_missing_epithelial_cells_pcs_sc_missing_endothelial_cells_scnoise05 -> V:\result\real_brca7_endothelial_marker_missing_epithelial_cells_pcs_sc_missing_endothelial_cells_scnoise05\stage4_mapping\novosparc
[RUN] novosparc: human_lung_5loc_fine9_clustered_sim_sc_missing_b_cell_scnoise05
[OK] novosparc: human_lung_5loc_fine9_clustered_sim_sc_missing_b_cell_scnoise05 -> V:\result\human_lung_5loc_fine9_clustered_sim_sc_missing_b_cell_scnoise05\stage4_mapping\novosparc
[RUN] novosparc: human_lung_5loc_fine9_clustered_sim_missing_at2_sc_missing_b_cell_scnoise05
[OK] novosparc: human_lung_5loc_fine9_clustered_sim_missing_at2_sc_missing_b_cell_scnoise05 -> V:\result\human_lung_5loc_fine9_clustered_sim_missing_at2_sc_missing_b_cell_scnoise05\stage4_mapping\novosparc
[RUN] novosparc: human_lung_5loc_fine9_clustered_sim_missing_at2_fibroblast_sc_missing_b_cell_scnoise05
[OK] novosparc: human_lung_5loc_fine9_clustered_sim_missing_at2_fibroblast_sc_missing_b_cell_scnoise05 -> V:\result\human_lung_5loc_fine9_clustered_sim_missing_at2_fibroblast_sc_missing_b_cell_scnoise05\stage4_mapping\novosparc
[RUN] novosparc: mouse_brain_refined7_balanced_clustered_sim_sc_missing_ext_l56_scnoise05
[OK] novosparc: mouse_brain_refined7_balanced_clustered_sim_sc_missing_ext_l56_scnoise05 -> V:\result\mouse_brain_refined7_balanced_clustered_sim_sc_missing_ext_l56_scnoise05\stage4_mapping\novosparc
[RUN] novosparc: mouse_brain_refined7_balanced_clustered_sim_missing_micro_fill_inh_pvalb_sc_missing_ext_l56_scnoise05
[OK] novosparc: mouse_brain_refined7_balanced_clustered_sim_missing_micro_fill_inh_pvalb_sc_missing_ext_l56_scnoise05 -> V:\result\mouse_brain_refined7_balanced_clustered_sim_missing_micro_fill_inh_pvalb_sc_missing_ext_l56_scnoise05\stage4_mapping\novosparc
[RUN] novosparc: mouse_brain_refined7_balanced_clustered_sim_missing_micro_oligo_2_fill_inh_pvalb_sc_missing_ext_l56_scnoise05
[OK] novosparc: mouse_brain_refined7_balanced_clustered_sim_missing_micro_oligo_2_fill_inh_pvalb_sc_missing_ext_l56_scnoise05 -> V:\result\mouse_brain_refined7_balanced_clustered_sim_missing_micro_oligo_2_fill_inh_pvalb_sc_missing_ext_l56_scnoise05\stage4_mapping\novosparc
[RUN] spaotsc: real_brca7_endothelial_marker_control_sc_missing_endothelial_cells_scnoise05
[OK] spaotsc: real_brca7_endothelial_marker_control_sc_missing_endothelial_cells_scnoise05 -> V:\result\real_brca7_endothelial_marker_control_sc_missing_endothelial_cells_scnoise05\stage4_mapping\spaotsc
[RUN] spaotsc: real_brca7_endothelial_marker_missing_epithelial_cells_sc_missing_endothelial_cells_scnoise05
[OK] spaotsc: real_brca7_endothelial_marker_missing_epithelial_cells_sc_missing_endothelial_cells_scnoise05 -> V:\result\real_brca7_endothelial_marker_missing_epithelial_cells_sc_missing_endothelial_cells_scnoise05\stage4_mapping\spaotsc
[RUN] spaotsc: real_brca7_endothelial_marker_missing_epithelial_cells_pcs_sc_missing_endothelial_cells_scnoise05
[OK] spaotsc: real_brca7_endothelial_marker_missing_epithelial_cells_pcs_sc_missing_endothelial_cells_scnoise05 -> V:\result\real_brca7_endothelial_marker_missing_epithelial_cells_pcs_sc_missing_endothelial_cells_scnoise05\stage4_mapping\spaotsc
[RUN] spaotsc: human_lung_5loc_fine9_clustered_sim_sc_missing_b_cell_scnoise05
[OK] spaotsc: human_lung_5loc_fine9_clustered_sim_sc_missing_b_cell_scnoise05 -> V:\result\human_lung_5loc_fine9_clustered_sim_sc_missing_b_cell_scnoise05\stage4_mapping\spaotsc
[RUN] spaotsc: human_lung_5loc_fine9_clustered_sim_missing_at2_sc_missing_b_cell_scnoise05
[OK] spaotsc: human_lung_5loc_fine9_clustered_sim_missing_at2_sc_missing_b_cell_scnoise05 -> V:\result\human_lung_5loc_fine9_clustered_sim_missing_at2_sc_missing_b_cell_scnoise05\stage4_mapping\spaotsc
[RUN] spaotsc: human_lung_5loc_fine9_clustered_sim_missing_at2_fibroblast_sc_missing_b_cell_scnoise05
[OK] spaotsc: human_lung_5loc_fine9_clustered_sim_missing_at2_fibroblast_sc_missing_b_cell_scnoise05 -> V:\result\human_lung_5loc_fine9_clustered_sim_missing_at2_fibroblast_sc_missing_b_cell_scnoise05\stage4_mapping\spaotsc
[RUN] spaotsc: mouse_brain_refined7_balanced_clustered_sim_sc_missing_ext_l56_scnoise05
[OK] spaotsc: mouse_brain_refined7_balanced_clustered_sim_sc_missing_ext_l56_scnoise05 -> V:\result\mouse_brain_refined7_balanced_clustered_sim_sc_missing_ext_l56_scnoise05\stage4_mapping\spaotsc
[RUN] spaotsc: mouse_brain_refined7_balanced_clustered_sim_missing_micro_fill_inh_pvalb_sc_missing_ext_l56_scnoise05
[OK] spaotsc: mouse_brain_refined7_balanced_clustered_sim_missing_micro_fill_inh_pvalb_sc_missing_ext_l56_scnoise05 -> V:\result\mouse_brain_refined7_balanced_clustered_sim_missing_micro_fill_inh_pvalb_sc_missing_ext_l56_scnoise05\stage4_mapping\spaotsc
[RUN] spaotsc: mouse_brain_refined7_balanced_clustered_sim_missing_micro_oligo_2_fill_inh_pvalb_sc_missing_ext_l56_scnoise05
[OK] spaotsc: mouse_brain_refined7_balanced_clustered_sim_missing_micro_oligo_2_fill_inh_pvalb_sc_missing_ext_l56_scnoise05 -> V:\result\mouse_brain_refined7_balanced_clustered_sim_missing_micro_oligo_2_fill_inh_pvalb_sc_missing_ext_l56_scnoise05\stage4_mapping\spaotsc
[RUN] celltrek: real_brca7_endothelial_marker_control_sc_missing_endothelial_cells_scnoise05
[OK] celltrek ok: real_brca7_endothelial_marker_control_sc_missing_endothelial_cells_scnoise05 -> V:\result\real_brca7_endothelial_marker_control_sc_missing_endothelial_cells_scnoise05\stage4_mapping\celltrek
[RUN] celltrek: real_brca7_endothelial_marker_missing_epithelial_cells_sc_missing_endothelial_cells_scnoise05
[OK] celltrek ok: real_brca7_endothelial_marker_missing_epithelial_cells_sc_missing_endothelial_cells_scnoise05 -> V:\result\real_brca7_endothelial_marker_missing_epithelial_cells_sc_missing_endothelial_cells_scnoise05\stage4_mapping\celltrek
[RUN] celltrek: real_brca7_endothelial_marker_missing_epithelial_cells_pcs_sc_missing_endothelial_cells_scnoise05
[OK] celltrek ok: real_brca7_endothelial_marker_missing_epithelial_cells_pcs_sc_missing_endothelial_cells_scnoise05 -> V:\result\real_brca7_endothelial_marker_missing_epithelial_cells_pcs_sc_missing_endothelial_cells_scnoise05\stage4_mapping\celltrek
[RUN] celltrek: human_lung_5loc_fine9_clustered_sim_sc_missing_b_cell_scnoise05
[OK] celltrek ok: human_lung_5loc_fine9_clustered_sim_sc_missing_b_cell_scnoise05 -> V:\result\human_lung_5loc_fine9_clustered_sim_sc_missing_b_cell_scnoise05\stage4_mapping\celltrek
[RUN] celltrek: human_lung_5loc_fine9_clustered_sim_missing_at2_sc_missing_b_cell_scnoise05
[OK] celltrek ok: human_lung_5loc_fine9_clustered_sim_missing_at2_sc_missing_b_cell_scnoise05 -> V:\result\human_lung_5loc_fine9_clustered_sim_missing_at2_sc_missing_b_cell_scnoise05\stage4_mapping\celltrek
[RUN] celltrek: human_lung_5loc_fine9_clustered_sim_missing_at2_fibroblast_sc_missing_b_cell_scnoise05
[OK] celltrek ok: human_lung_5loc_fine9_clustered_sim_missing_at2_fibroblast_sc_missing_b_cell_scnoise05 -> V:\result\human_lung_5loc_fine9_clustered_sim_missing_at2_fibroblast_sc_missing_b_cell_scnoise05\stage4_mapping\celltrek
[RUN] celltrek: mouse_brain_refined7_balanced_clustered_sim_sc_missing_ext_l56_scnoise05
[OK] celltrek ok: mouse_brain_refined7_balanced_clustered_sim_sc_missing_ext_l56_scnoise05 -> V:\result\mouse_brain_refined7_balanced_clustered_sim_sc_missing_ext_l56_scnoise05\stage4_mapping\celltrek
[RUN] celltrek: mouse_brain_refined7_balanced_clustered_sim_missing_micro_fill_inh_pvalb_sc_missing_ext_l56_scnoise05
[OK] celltrek ok: mouse_brain_refined7_balanced_clustered_sim_missing_micro_fill_inh_pvalb_sc_missing_ext_l56_scnoise05 -> V:\result\mouse_brain_refined7_balanced_clustered_sim_missing_micro_fill_inh_pvalb_sc_missing_ext_l56_scnoise05\stage4_mapping\celltrek
[RUN] celltrek: mouse_brain_refined7_balanced_clustered_sim_missing_micro_oligo_2_fill_inh_pvalb_sc_missing_ext_l56_scnoise05
[OK] celltrek ok: mouse_brain_refined7_balanced_clustered_sim_missing_micro_oligo_2_fill_inh_pvalb_sc_missing_ext_l56_scnoise05 -> V:\result\mouse_brain_refined7_balanced_clustered_sim_missing_micro_oligo_2_fill_inh_pvalb_sc_missing_ext_l56_scnoise05\stage4_mapping\celltrek
[SUMMARY] completed=45 skipped=0 failed=0 elapsed_seconds=7218.6
