COMMAND
E:\ANACONDA\envs\cytospace_v1.1.0_py310\python.exe -m src.stages.stage4_cytospace --sample human_lung_5loc_fine9_clustered_sim_sc_missing_b_cell_scnoise05 --project_root V:\ --stage3_suffix _scnoise05_stage3ab_full --stage4_suffix _scnoise05_stage3ab_full --filter_scope unsupported_all --stage3b_blank_regions --stage3b_scores_path V:\data\processed\simulation_experiments\human_lung_5loc\human_lung_5loc_fine9_clustered_sim_sc_missing_b_cell_scnoise05\stage3b_st_unsupported_scnoise05_stage3ab_full\spot_unsupported_scores.csv --sc_expr_source normalized --n_processors 1 --n_subspots 800 --mapping_cells_per_spot 5 --filter_mode none --cell_type_column sc_meta

OUTPUT
[stage4] missing_type canonicalized: raw='T cells CD8' -> normalized='T cells CD8' (no alias mapping applied)
[stage4] effective_missing_types=['T cells CD8']
[stage4] sc_expr_source=normalized
[stage4] Stage3B pre-mapping blank mask applied: full_spots=3274, blank_spots=194, mapped_spots=3080
[debug] sc_expr shape=(13186, 2000), st_expr shape=(3080, 2000)
[debug] st_expr index sample=['AAACAAGTATCTCCCA-1', 'AAACACCAATAACTGC-1', 'AAACAGAGCGACTCCT-1']
[debug] st_expr columns sample=['SFTPC', 'FTH1', 'FTL']
[debug] st_coords index sample=['AAACAAGTATCTCCCA-1', 'AAACACCAATAACTGC-1', 'AAACAGAGCGACTCCT-1']
[stage4] writing sc expression ((2000, 13186)) ¡ú sc_expression_for_cytospace.csv
[stage4] writing st expression ((2000, 3080)) ¡ú st_expression_for_cytospace.csv
[stage4] cytospace output dir: V:\result\human_lung_5loc_fine9_clustered_sim_sc_missing_b_cell_scnoise05\stage4_cytospace_scnoise05_stage3ab_full\cytospace_output
Read and validate data ...
Time to read and validate data: 1.85 seconds
Down/up sample of scRNA-seq data according to estimated cell type fractions
Time to down/up sample scRNA-seq data: 4.29 seconds
Number of required processors: 20
Building cost matrix ...
Time to build cost matrix: 0.1 seconds
Solving linear assignment problem ...
Total cost =  -214049360

Time to solve linear assignment problem: 0.37 seconds
Building cost matrix ...
Time to build cost matrix: 0.1 seconds
Solving linear assignment problem ...
Total cost =  -208204054

Time to solve linear assignment problem: 0.38 seconds
Building cost matrix ...
Time to build cost matrix: 0.09 seconds
Solving linear assignment problem ...
Total cost =  -216950735

Time to solve linear assignment problem: 0.38 seconds
Building cost matrix ...
Time to build cost matrix: 0.1 seconds
Solving linear assignment problem ...
Total cost =  -214109380

Time to solve linear assignment problem: 0.38 seconds
Building cost matrix ...
Time to build cost matrix: 0.1 seconds
Solving linear assignment problem ...
Total cost =  -217398064

Time to solve linear assignment problem: 0.37 seconds
Building cost matrix ...
Time to build cost matrix: 0.1 seconds
Solving linear assignment problem ...
Total cost =  -214120005

Time to solve linear assignment problem: 0.38 seconds
Building cost matrix ...
Time to build cost matrix: 0.09 seconds
Solving linear assignment problem ...
Total cost =  -210376748

Time to solve linear assignment problem: 0.38 seconds
Building cost matrix ...
Time to build cost matrix: 0.09 seconds
Solving linear assignment problem ...
Total cost =  -215605220

Time to solve linear assignment problem: 0.38 seconds
Building cost matrix ...
Time to build cost matrix: 0.09 seconds
Solving linear assignment problem ...
Total cost =  -210231995

Time to solve linear assignment problem: 0.38 seconds
Building cost matrix ...
Time to build cost matrix: 0.09 seconds
Solving linear assignment problem ...
Total cost =  -211622138

Time to solve linear assignment problem: 0.38 seconds
Building cost matrix ...
Time to build cost matrix: 0.1 seconds
Solving linear assignment problem ...
Total cost =  -207893843

Time to solve linear assignment problem: 0.38 seconds
Building cost matrix ...
Time to build cost matrix: 0.09 seconds
Solving linear assignment problem ...
Total cost =  -216594293

Time to solve linear assignment problem: 0.38 seconds
Building cost matrix ...
Time to build cost matrix: 0.09 seconds
Solving linear assignment problem ...
Total cost =  -217176750

Time to solve linear assignment problem: 0.37 seconds
Building cost matrix ...
Time to build cost matrix: 0.09 seconds
Solving linear assignment problem ...
Total cost =  -212076993

Time to solve linear assignment problem: 0.38 seconds
Building cost matrix ...
Time to build cost matrix: 0.09 seconds
Solving linear assignment problem ...
Total cost =  -215380354

Time to solve linear assignment problem: 0.37 seconds
Building cost matrix ...
Time to build cost matrix: 0.09 seconds
Solving linear assignment problem ...
Total cost =  -216599733

Time to solve linear assignment problem: 0.37 seconds
Building cost matrix ...
Time to build cost matrix: 0.09 seconds
Solving linear assignment problem ...
Total cost =  -211997883

Time to solve linear assignment problem: 0.37 seconds
Building cost matrix ...
Time to build cost matrix: 0.09 seconds
Solving linear assignment problem ...
Total cost =  -215258256

Time to solve linear assignment problem: 0.37 seconds
Building cost matrix ...
Time to build cost matrix: 0.09 seconds
Solving linear assignment problem ...
Total cost =  -214221027

Time to solve linear assignment problem: 0.37 seconds
Building cost matrix ...
Time to build cost matrix: 0.04 seconds
Solving linear assignment problem ...
Total cost =  -51760200

Time to solve linear assignment problem: 0.02 seconds
Total time to run CytoSPACE core algorithm: 14.53 seconds
Saving results ...
Skipping assigned_expression export (CYTOSPACE_SKIP_ASSIGNED_EXPRESSION=1)
Total execution time: 16.88 seconds
[Stage4 cytospace] summary:
{
  "n_cells_before_prefilter": 13186,
  "n_cells_after_prefilter": 13186,
  "n_filtered": 0,
  "assignment_rows": 15400,
  "assigned_locations_rows": 15400,
  "by_spot_total_cells": 15400,
  "missing_present_in_assignment": 0,
  "missing_present_in_assignment_by_type": {},
  "filter_mode": "none",
  "stage3_weak_th": 0.4,
  "stage3_strong_th": 0.7,
  "sampling_sub_spots": true,
  "n_subspots": 800,
  "solver_method": "lap_CSPR",
  "seed": 42,
  "missing_type_truth": null,
  "missing_type_list": [
    "T cells CD8"
  ],
  "cells_per_spot_override": null,
  "cell_type_column": "sc_meta",
  "filter_scope": "unsupported_all",
  "type_list": [
    "AT2",
    "DC",
    "Ciliated",
    "Macrophage_alveolar",
    "Fibroblast",
    "Endothelia_vascular",
    "Mast_cell",
    "Erythrocyte",
    "Unknown_sc_only"
  ],
  "full_type_list": [
    "AT2",
    "DC",
    "Ciliated",
    "Macrophage_alveolar",
    "Fibroblast",
    "Endothelia_vascular",
    "Mast_cell",
    "Erythrocyte",
    "Unknown_sc_only"
  ],
  "active_type_list": [
    "AT2",
    "DC",
    "Ciliated",
    "Macrophage_alveolar",
    "Fibroblast",
    "Endothelia_vascular",
    "Mast_cell",
    "Erythrocyte"
  ],
  "raw_output_types_by_spot": [
    "Endothelia_vascular",
    "Fibroblast",
    "AT2",
    "Ciliated",
    "Macrophage_alveolar",
    "Mast_cell",
    "Erythrocyte",
    "DC"
  ],
  "raw_output_types_fractional": [
    "Endothelia_vascular",
    "Fibroblast",
    "AT2",
    "Ciliated",
    "Macrophage_alveolar",
    "Mast_cell",
    "Erythrocyte",
    "DC"
  ],
  "type_alignment_ok": true,
  "type_alignment_diff_max": 0.0,
  "marked_unknown_total": 0,
  "marked_unknown_missing": 0,
  "marked_unknown_non_missing": 0,
  "missing_type_total_in_pool": 0,
  "missing_type_total_in_pool_by_type": {},
  "missing_type_stage3_detected": false,
  "oracle_only_filtered_missing": 0,
  "sha1": {
    "cell_assignment": "6a073eb0d11eed943234a8bff4ae6ba20974e8b6",
    "sim_info": "5e695171852d0d3052f9795bc0a2a6d898ea6990",
    "sc_metadata": "501aa0106bb490ef21da9e1c5c0e64eb8be4e499"
  },
  "cell_assignment_path": "V:\\result\\human_lung_5loc_fine9_clustered_sim_sc_missing_b_cell_scnoise05\\stage4_cytospace_scnoise05_stage3ab_full\\cytospace_output\\cell_assignment.csv",
  "cytospace_output": "V:\\result\\human_lung_5loc_fine9_clustered_sim_sc_missing_b_cell_scnoise05\\stage4_cytospace_scnoise05_stage3ab_full\\cytospace_output",
  "stage3b_blank_regions": {
    "enabled": true,
    "applied_before_mapping": true,
    "scores_path": "E:\\AAAÎÄ¼þ\\Experiment\\SVTuner\\sctuner2.0\\data\\processed\\simulation_experiments\\human_lung_5loc\\human_lung_5loc_fine9_clustered_sim_sc_missing_b_cell_scnoise05\\stage3b_st_unsupported_scnoise05_stage3ab_full\\spot_unsupported_scores.csv",
    "scores_sha1": "912dbb411d9052b9a5dadbdb0fa637bdd36e9fa8",
    "blank_manifest_path": "V:\\result\\human_lung_5loc_fine9_clustered_sim_sc_missing_b_cell_scnoise05\\stage4_cytospace_scnoise05_stage3ab_full\\cytospace_output\\stage3b_blank_spots.csv",
    "blank_manifest_sha1": "1bc5e311bd3c22706751a7f5ba0c3490cc95f1e8",
    "full_spots": 3274,
    "mapped_spots": 3080,
    "blank_spots": 194,
    "mapping_capacity_removed": 970,
    "assignment_blank_hits": {
      "assigned_locations.csv": 0,
      "cell_assignment.csv": 0
    },
    "restored_output_rows": {
      "cell_type_assignments_by_spot.csv": {
        "full_spots": 3274,
        "blank_rows": 194,
        "blank_nonzero_rows": 0
      },
      "fractional_abundances_by_spot.csv": {
        "full_spots": 3274,
        "blank_rows": 194,
        "blank_nonzero_rows": 0
      }
    }
  },
  "mapping_cells_per_spot": 5,
  "truth_filter_enabled": false,
  "truth_filter_removed": 0,
  "mapping_cell_type_column": "sc_meta",
  "route2_restored_unknown_non_missing": 0,
  "route2_kept_unknown_missing": 0
}
[Stage4] Cleaned redundant: ['sc_expression_for_cytospace.csv', 'st_expression_for_cytospace.csv']
