COMMAND
E:\ANACONDA\envs\cytospace_v1.1.0_py310\python.exe -m src.stages.stage4_cytospace --sample mouse_brain_refined7_balanced_clustered_sim_missing_micro_fill_inh_pvalb_sc_missing_ext_l56_scnoise05 --project_root V:\ --stage3_suffix _scnoise05_stage3ab_full --stage4_suffix _scnoise05_stage3ab_full --filter_scope unsupported_all --stage3b_blank_regions --stage3b_scores_path V:\data\processed\simulation_experiments\mouse_brain_refined\mouse_brain_refined7_balanced_clustered_sim_missing_micro_fill_inh_pvalb_sc_missing_ext_l56_scnoise05\stage3b_st_unsupported_scnoise05_stage3ab_full\spot_unsupported_scores.csv --sc_expr_source normalized --n_processors 1 --n_subspots 800 --mapping_cells_per_spot 5 --filter_mode plugin_unknown --cell_type_column plugin_type

OUTPUT
[stage4] missing_type canonicalized: raw='T cells CD8' -> normalized='T cells CD8' (no alias mapping applied)
[stage4] effective_missing_types=['T cells CD8', 'Micro']
[stage4] sc_expr_source=normalized
[stage4] Stage3B pre-mapping blank mask applied: full_spots=8469, blank_spots=2918, mapped_spots=5551
[debug] sc_expr shape=(5112, 2000), st_expr shape=(5551, 2000)
[debug] st_expr index sample=['AACAATGGAACCACAT-1', 'AACACCAGCCTACTCG-1', 'AACACCTAAGCATTGC-1']
[debug] st_expr columns sample=['Rbfox1', 'Kcnip4', 'Erbb4']
[debug] st_coords index sample=['AACAATGGAACCACAT-1', 'AACACCAGCCTACTCG-1', 'AACACCTAAGCATTGC-1']
[stage4] writing sc expression ((2000, 4112)) ¡ú sc_expression_for_cytospace.csv
[stage4] writing st expression ((2000, 5551)) ¡ú st_expression_for_cytospace.csv
[stage4] cytospace output dir: V:\result\mouse_brain_refined7_balanced_clustered_sim_missing_micro_fill_inh_pvalb_sc_missing_ext_l56_scnoise05\stage4_cytospace_scnoise05_stage3ab_full\cytospace_output
Read and validate data ...
Time to read and validate data: 0.65 seconds
Down/up sample of scRNA-seq data according to estimated cell type fractions
Time to down/up sample scRNA-seq data: 2.89 seconds
Number of required processors: 35
Building cost matrix ...
Time to build cost matrix: 0.18 seconds
Solving linear assignment problem ...
Total cost =  -213878400

Time to solve linear assignment problem: 0.4 seconds
Building cost matrix ...
Time to build cost matrix: 0.17 seconds
Solving linear assignment problem ...
Total cost =  -209950491

Time to solve linear assignment problem: 0.38 seconds
Building cost matrix ...
Time to build cost matrix: 0.17 seconds
Solving linear assignment problem ...
Total cost =  -207891988

Time to solve linear assignment problem: 0.38 seconds
Building cost matrix ...
Time to build cost matrix: 0.17 seconds
Solving linear assignment problem ...
Total cost =  -215559660

Time to solve linear assignment problem: 0.4 seconds
Building cost matrix ...
Time to build cost matrix: 0.18 seconds
Solving linear assignment problem ...
Total cost =  -209545722

Time to solve linear assignment problem: 0.41 seconds
Building cost matrix ...
Time to build cost matrix: 0.18 seconds
Solving linear assignment problem ...
Total cost =  -215172780

Time to solve linear assignment problem: 0.44 seconds
Building cost matrix ...
Time to build cost matrix: 0.17 seconds
Solving linear assignment problem ...
Total cost =  -211618525

Time to solve linear assignment problem: 0.38 seconds
Building cost matrix ...
Time to build cost matrix: 0.17 seconds
Solving linear assignment problem ...
Total cost =  -207667397

Time to solve linear assignment problem: 0.37 seconds
Building cost matrix ...
Time to build cost matrix: 0.17 seconds
Solving linear assignment problem ...
Total cost =  -207234931

Time to solve linear assignment problem: 0.39 seconds
Building cost matrix ...
Time to build cost matrix: 0.17 seconds
Solving linear assignment problem ...
Total cost =  -209953029

Time to solve linear assignment problem: 0.39 seconds
Building cost matrix ...
Time to build cost matrix: 0.17 seconds
Solving linear assignment problem ...
Total cost =  -212763532

Time to solve linear assignment problem: 0.38 seconds
Building cost matrix ...
Time to build cost matrix: 0.17 seconds
Solving linear assignment problem ...
Total cost =  -212792813

Time to solve linear assignment problem: 0.38 seconds
Building cost matrix ...
Time to build cost matrix: 0.17 seconds
Solving linear assignment problem ...
Total cost =  -211616246

Time to solve linear assignment problem: 0.38 seconds
Building cost matrix ...
Time to build cost matrix: 0.17 seconds
Solving linear assignment problem ...
Total cost =  -211864061

Time to solve linear assignment problem: 0.38 seconds
Building cost matrix ...
Time to build cost matrix: 0.18 seconds
Solving linear assignment problem ...
Total cost =  -206404248

Time to solve linear assignment problem: 0.39 seconds
Building cost matrix ...
Time to build cost matrix: 0.17 seconds
Solving linear assignment problem ...
Total cost =  -213906350

Time to solve linear assignment problem: 0.38 seconds
Building cost matrix ...
Time to build cost matrix: 0.17 seconds
Solving linear assignment problem ...
Total cost =  -205364768

Time to solve linear assignment problem: 0.37 seconds
Building cost matrix ...
Time to build cost matrix: 0.17 seconds
Solving linear assignment problem ...
Total cost =  -206821658

Time to solve linear assignment problem: 0.38 seconds
Building cost matrix ...
Time to build cost matrix: 0.17 seconds
Solving linear assignment problem ...
Total cost =  -210768887

Time to solve linear assignment problem: 0.37 seconds
Building cost matrix ...
Time to build cost matrix: 0.17 seconds
Solving linear assignment problem ...
Total cost =  -213516862

Time to solve linear assignment problem: 0.38 seconds
Building cost matrix ...
Time to build cost matrix: 0.17 seconds
Solving linear assignment problem ...
Total cost =  -210076500

Time to solve linear assignment problem: 0.38 seconds
Building cost matrix ...
Time to build cost matrix: 0.17 seconds
Solving linear assignment problem ...
Total cost =  -208158162

Time to solve linear assignment problem: 0.37 seconds
Building cost matrix ...
Time to build cost matrix: 0.17 seconds
Solving linear assignment problem ...
Total cost =  -210214540

Time to solve linear assignment problem: 0.38 seconds
Building cost matrix ...
Time to build cost matrix: 0.17 seconds
Solving linear assignment problem ...
Total cost =  -214092160

Time to solve linear assignment problem: 0.38 seconds
Building cost matrix ...
Time to build cost matrix: 0.17 seconds
Solving linear assignment problem ...
Total cost =  -208624831

Time to solve linear assignment problem: 0.39 seconds
Building cost matrix ...
Time to build cost matrix: 0.17 seconds
Solving linear assignment problem ...
Total cost =  -210523991

Time to solve linear assignment problem: 0.38 seconds
Building cost matrix ...
Time to build cost matrix: 0.17 seconds
Solving linear assignment problem ...
Total cost =  -205267907

Time to solve linear assignment problem: 0.39 seconds
Building cost matrix ...
Time to build cost matrix: 0.17 seconds
Solving linear assignment problem ...
Total cost =  -206523730

Time to solve linear assignment problem: 0.38 seconds
Building cost matrix ...
Time to build cost matrix: 0.17 seconds
Solving linear assignment problem ...
Total cost =  -210135306

Time to solve linear assignment problem: 0.38 seconds
Building cost matrix ...
Time to build cost matrix: 0.17 seconds
Solving linear assignment problem ...
Total cost =  -207172880

Time to solve linear assignment problem: 0.38 seconds
Building cost matrix ...
Time to build cost matrix: 0.17 seconds
Solving linear assignment problem ...
Total cost =  -209976226

Time to solve linear assignment problem: 0.38 seconds
Building cost matrix ...
Time to build cost matrix: 0.18 seconds
Solving linear assignment problem ...
Total cost =  -207636664

Time to solve linear assignment problem: 0.41 seconds
Building cost matrix ...
Time to build cost matrix: 0.17 seconds
Solving linear assignment problem ...
Total cost =  -215140991

Time to solve linear assignment problem: 0.38 seconds
Building cost matrix ...
Time to build cost matrix: 0.17 seconds
Solving linear assignment problem ...
Total cost =  -211526559

Time to solve linear assignment problem: 0.37 seconds
Building cost matrix ...
Time to build cost matrix: 0.13 seconds
Solving linear assignment problem ...
Total cost =  -146907604

Time to solve linear assignment problem: 0.18 seconds
Total time to run CytoSPACE core algorithm: 24.29 seconds
Saving results ...
Skipping assigned_expression export (CYTOSPACE_SKIP_ASSIGNED_EXPRESSION=1)
Total execution time: 25.83 seconds
[Stage4 cytospace] summary:
{
  "n_cells_before_prefilter": 5112,
  "n_cells_after_prefilter": 4112,
  "n_filtered": 1000,
  "assignment_rows": 27755,
  "assigned_locations_rows": 27755,
  "by_spot_total_cells": 27755,
  "missing_present_in_assignment": 0,
  "missing_present_in_assignment_by_type": {
    "Micro": 0
  },
  "filter_mode": "plugin_unknown",
  "stage3_weak_th": 0.4,
  "stage3_strong_th": 0.7,
  "sampling_sub_spots": true,
  "n_subspots": 800,
  "solver_method": "lap_CSPR",
  "seed": 42,
  "missing_type_truth": "Micro",
  "missing_type_list": [
    "T cells CD8",
    "Micro"
  ],
  "cells_per_spot_override": null,
  "cell_type_column": "plugin_type",
  "filter_scope": "unsupported_all",
  "type_list": [
    "Ext_Thal_1",
    "Inh_Pvalb",
    "Oligo_2",
    "Astro_CTX",
    "Nb_1",
    "Micro",
    "Unknown_sc_only"
  ],
  "full_type_list": [
    "Ext_Thal_1",
    "Inh_Pvalb",
    "Oligo_2",
    "Astro_CTX",
    "Nb_1",
    "Micro",
    "Unknown_sc_only"
  ],
  "active_type_list": [
    "Ext_Thal_1",
    "Inh_Pvalb",
    "Oligo_2",
    "Astro_CTX",
    "Nb_1"
  ],
  "raw_output_types_by_spot": [
    "Ext_Thal_1",
    "Oligo_2",
    "Astro_CTX",
    "Inh_Pvalb",
    "Nb_1"
  ],
  "raw_output_types_fractional": [
    "Ext_Thal_1",
    "Oligo_2",
    "Astro_CTX",
    "Inh_Pvalb",
    "Nb_1"
  ],
  "type_alignment_ok": true,
  "type_alignment_diff_max": 0.0,
  "marked_unknown_total": 1000,
  "marked_unknown_missing": 1000,
  "marked_unknown_non_missing": 0,
  "missing_type_total_in_pool": 1000,
  "missing_type_total_in_pool_by_type": {
    "Micro": 1000
  },
  "missing_type_stage3_detected": true,
  "oracle_only_filtered_missing": 0,
  "sha1": {
    "cell_assignment": "3adcc875f4f94128ea4e883db36b8bf6544ad59f",
    "sim_info": "2a590d0bfe52a649adf069fe1b720540b115e142",
    "sc_metadata": "fb68e57397c71fb615259900b140cd5e95a2f849"
  },
  "cell_assignment_path": "V:\\result\\mouse_brain_refined7_balanced_clustered_sim_missing_micro_fill_inh_pvalb_sc_missing_ext_l56_scnoise05\\stage4_cytospace_scnoise05_stage3ab_full\\cytospace_output\\cell_assignment.csv",
  "cytospace_output": "V:\\result\\mouse_brain_refined7_balanced_clustered_sim_missing_micro_fill_inh_pvalb_sc_missing_ext_l56_scnoise05\\stage4_cytospace_scnoise05_stage3ab_full\\cytospace_output",
  "stage3b_blank_regions": {
    "enabled": true,
    "applied_before_mapping": true,
    "scores_path": "\\\\?\\E:\\AAAÎÄ¼þ\\Experiment\\SVTuner\\sctuner2.0\\data\\processed\\simulation_experiments\\mouse_brain_refined\\mouse_brain_refined7_balanced_clustered_sim_missing_micro_fill_inh_pvalb_sc_missing_ext_l56_scnoise05\\stage3b_st_unsupported_scnoise05_stage3ab_full\\spot_unsupported_scores.csv",
    "scores_sha1": "a56c115076a29a433628f0484f528b92d33aa982",
    "blank_manifest_path": "V:\\result\\mouse_brain_refined7_balanced_clustered_sim_missing_micro_fill_inh_pvalb_sc_missing_ext_l56_scnoise05\\stage4_cytospace_scnoise05_stage3ab_full\\cytospace_output\\stage3b_blank_spots.csv",
    "blank_manifest_sha1": "dcf9bc8b16dc971fc34b929a5abee82f832e227b",
    "full_spots": 8469,
    "mapped_spots": 5551,
    "blank_spots": 2918,
    "mapping_capacity_removed": 14590,
    "assignment_blank_hits": {
      "assigned_locations.csv": 0,
      "cell_assignment.csv": 0
    },
    "restored_output_rows": {
      "cell_type_assignments_by_spot.csv": {
        "full_spots": 8469,
        "blank_rows": 2918,
        "blank_nonzero_rows": 0
      },
      "fractional_abundances_by_spot.csv": {
        "full_spots": 8469,
        "blank_rows": 2918,
        "blank_nonzero_rows": 0
      }
    }
  },
  "mapping_cells_per_spot": 5,
  "truth_filter_enabled": false,
  "truth_filter_removed": 0,
  "mapping_cell_type_column": "plugin_type",
  "route2_restored_unknown_non_missing": 0,
  "route2_kept_unknown_missing": 0
}
[Stage4] Cleaned redundant: ['sc_expression_for_cytospace.csv', 'st_expression_for_cytospace.csv']
