COMMAND
E:\ANACONDA\envs\cytospace_v1.1.0_py310\python.exe -m src.stages.stage4_cytospace --sample mouse_brain_refined7_balanced_clustered_sim_sc_missing_ext_l56_scnoise05 --project_root V:\ --stage4_suffix _baseline --filter_mode none --filter_scope unsupported_all --cell_type_column sc_meta --sc_expr_source normalized --n_processors 1 --n_subspots 800 --mapping_cells_per_spot 5

OUTPUT
[stage4] missing_type canonicalized: raw='T cells CD8' -> normalized='T cells CD8' (no alias mapping applied)
[stage4] effective_missing_types=['T cells CD8']
[stage4] sc_expr_source=normalized
[debug] sc_expr shape=(5112, 2000), st_expr shape=(8469, 2000)
[debug] st_expr index sample=['AACAATGGAACCACAT-1', 'AACAATGTGCTCCGAG-1', 'AACACCAGCCTACTCG-1']
[debug] st_expr columns sample=['Rbfox1', 'Kcnip4', 'Erbb4']
[debug] st_coords index sample=['AACAATGGAACCACAT-1', 'AACAATGTGCTCCGAG-1', 'AACACCAGCCTACTCG-1']
[stage4] writing sc expression ((2000, 5112)) ¡ú sc_expression_for_cytospace.csv
[stage4] writing st expression ((2000, 8469)) ¡ú st_expression_for_cytospace.csv
[stage4] cytospace output dir: V:\result\mouse_brain_refined7_balanced_clustered_sim_sc_missing_ext_l56_scnoise05\stage4_cytospace_baseline\cytospace_output
Read and validate data ...
Time to read and validate data: 0.87 seconds
Down/up sample of scRNA-seq data according to estimated cell type fractions
Time to down/up sample scRNA-seq data: 2.92 seconds
Number of required processors: 53
Building cost matrix ...
Time to build cost matrix: 0.25 seconds
Solving linear assignment problem ...
Total cost =  -197678242

Time to solve linear assignment problem: 0.38 seconds
Building cost matrix ...
Time to build cost matrix: 0.24 seconds
Solving linear assignment problem ...
Total cost =  -197446183

Time to solve linear assignment problem: 0.36 seconds
Building cost matrix ...
Time to build cost matrix: 0.24 seconds
Solving linear assignment problem ...
Total cost =  -201690365

Time to solve linear assignment problem: 0.38 seconds
Building cost matrix ...
Time to build cost matrix: 0.24 seconds
Solving linear assignment problem ...
Total cost =  -198400277

Time to solve linear assignment problem: 0.37 seconds
Building cost matrix ...
Time to build cost matrix: 0.24 seconds
Solving linear assignment problem ...
Total cost =  -201626049

Time to solve linear assignment problem: 0.37 seconds
Building cost matrix ...
Time to build cost matrix: 0.24 seconds
Solving linear assignment problem ...
Total cost =  -196578989

Time to solve linear assignment problem: 0.37 seconds
Building cost matrix ...
Time to build cost matrix: 0.24 seconds
Solving linear assignment problem ...
Total cost =  -198079293

Time to solve linear assignment problem: 0.37 seconds
Building cost matrix ...
Time to build cost matrix: 0.24 seconds
Solving linear assignment problem ...
Total cost =  -197553333

Time to solve linear assignment problem: 0.37 seconds
Building cost matrix ...
Time to build cost matrix: 0.24 seconds
Solving linear assignment problem ...
Total cost =  -199534635

Time to solve linear assignment problem: 0.38 seconds
Building cost matrix ...
Time to build cost matrix: 0.24 seconds
Solving linear assignment problem ...
Total cost =  -200120927

Time to solve linear assignment problem: 0.36 seconds
Building cost matrix ...
Time to build cost matrix: 0.24 seconds
Solving linear assignment problem ...
Total cost =  -203904297

Time to solve linear assignment problem: 0.37 seconds
Building cost matrix ...
Time to build cost matrix: 0.24 seconds
Solving linear assignment problem ...
Total cost =  -194432511

Time to solve linear assignment problem: 0.37 seconds
Building cost matrix ...
Time to build cost matrix: 0.24 seconds
Solving linear assignment problem ...
Total cost =  -200946886

Time to solve linear assignment problem: 0.37 seconds
Building cost matrix ...
Time to build cost matrix: 0.24 seconds
Solving linear assignment problem ...
Total cost =  -203096259

Time to solve linear assignment problem: 0.37 seconds
Building cost matrix ...
Time to build cost matrix: 0.24 seconds
Solving linear assignment problem ...
Total cost =  -202512716

Time to solve linear assignment problem: 0.36 seconds
Building cost matrix ...
Time to build cost matrix: 0.24 seconds
Solving linear assignment problem ...
Total cost =  -201737954

Time to solve linear assignment problem: 0.37 seconds
Building cost matrix ...
Time to build cost matrix: 0.24 seconds
Solving linear assignment problem ...
Total cost =  -198229229

Time to solve linear assignment problem: 0.37 seconds
Building cost matrix ...
Time to build cost matrix: 0.24 seconds
Solving linear assignment problem ...
Total cost =  -192446378

Time to solve linear assignment problem: 0.38 seconds
Building cost matrix ...
Time to build cost matrix: 0.24 seconds
Solving linear assignment problem ...
Total cost =  -201343316

Time to solve linear assignment problem: 0.37 seconds
Building cost matrix ...
Time to build cost matrix: 0.24 seconds
Solving linear assignment problem ...
Total cost =  -204124040

Time to solve linear assignment problem: 0.37 seconds
Building cost matrix ...
Time to build cost matrix: 0.24 seconds
Solving linear assignment problem ...
Total cost =  -195642228

Time to solve linear assignment problem: 0.38 seconds
Building cost matrix ...
Time to build cost matrix: 0.24 seconds
Solving linear assignment problem ...
Total cost =  -194265466

Time to solve linear assignment problem: 0.36 seconds
Building cost matrix ...
Time to build cost matrix: 0.24 seconds
Solving linear assignment problem ...
Total cost =  -198949145

Time to solve linear assignment problem: 0.37 seconds
Building cost matrix ...
Time to build cost matrix: 0.24 seconds
Solving linear assignment problem ...
Total cost =  -198109939

Time to solve linear assignment problem: 0.37 seconds
Building cost matrix ...
Time to build cost matrix: 0.24 seconds
Solving linear assignment problem ...
Total cost =  -200237727

Time to solve linear assignment problem: 0.37 seconds
Building cost matrix ...
Time to build cost matrix: 0.24 seconds
Solving linear assignment problem ...
Total cost =  -196955491

Time to solve linear assignment problem: 0.36 seconds
Building cost matrix ...
Time to build cost matrix: 0.24 seconds
Solving linear assignment problem ...
Total cost =  -195013589

Time to solve linear assignment problem: 0.37 seconds
Building cost matrix ...
Time to build cost matrix: 0.24 seconds
Solving linear assignment problem ...
Total cost =  -199534228

Time to solve linear assignment problem: 0.37 seconds
Building cost matrix ...
Time to build cost matrix: 0.24 seconds
Solving linear assignment problem ...
Total cost =  -197710780

Time to solve linear assignment problem: 0.37 seconds
Building cost matrix ...
Time to build cost matrix: 0.24 seconds
Solving linear assignment problem ...
Total cost =  -200468844

Time to solve linear assignment problem: 0.37 seconds
Building cost matrix ...
Time to build cost matrix: 0.24 seconds
Solving linear assignment problem ...
Total cost =  -198618764

Time to solve linear assignment problem: 0.37 seconds
Building cost matrix ...
Time to build cost matrix: 0.24 seconds
Solving linear assignment problem ...
Total cost =  -197790335

Time to solve linear assignment problem: 0.37 seconds
Building cost matrix ...
Time to build cost matrix: 0.24 seconds
Solving linear assignment problem ...
Total cost =  -197669031

Time to solve linear assignment problem: 0.37 seconds
Building cost matrix ...
Time to build cost matrix: 0.24 seconds
Solving linear assignment problem ...
Total cost =  -202548563

Time to solve linear assignment problem: 0.37 seconds
Building cost matrix ...
Time to build cost matrix: 0.24 seconds
Solving linear assignment problem ...
Total cost =  -200081516

Time to solve linear assignment problem: 0.37 seconds
Building cost matrix ...
Time to build cost matrix: 0.24 seconds
Solving linear assignment problem ...
Total cost =  -199719646

Time to solve linear assignment problem: 0.37 seconds
Building cost matrix ...
Time to build cost matrix: 0.24 seconds
Solving linear assignment problem ...
Total cost =  -199036787

Time to solve linear assignment problem: 0.36 seconds
Building cost matrix ...
Time to build cost matrix: 0.24 seconds
Solving linear assignment problem ...
Total cost =  -200505325

Time to solve linear assignment problem: 0.37 seconds
Building cost matrix ...
Time to build cost matrix: 0.24 seconds
Solving linear assignment problem ...
Total cost =  -200047446

Time to solve linear assignment problem: 0.37 seconds
Building cost matrix ...
Time to build cost matrix: 0.24 seconds
Solving linear assignment problem ...
Total cost =  -198771281

Time to solve linear assignment problem: 0.37 seconds
Building cost matrix ...
Time to build cost matrix: 0.24 seconds
Solving linear assignment problem ...
Total cost =  -197170667

Time to solve linear assignment problem: 0.37 seconds
Building cost matrix ...
Time to build cost matrix: 0.24 seconds
Solving linear assignment problem ...
Total cost =  -198825713

Time to solve linear assignment problem: 0.37 seconds
Building cost matrix ...
Time to build cost matrix: 0.24 seconds
Solving linear assignment problem ...
Total cost =  -199007143

Time to solve linear assignment problem: 0.37 seconds
Building cost matrix ...
Time to build cost matrix: 0.24 seconds
Solving linear assignment problem ...
Total cost =  -200566842

Time to solve linear assignment problem: 0.37 seconds
Building cost matrix ...
Time to build cost matrix: 0.24 seconds
Solving linear assignment problem ...
Total cost =  -197076029

Time to solve linear assignment problem: 0.37 seconds
Building cost matrix ...
Time to build cost matrix: 0.24 seconds
Solving linear assignment problem ...
Total cost =  -196451521

Time to solve linear assignment problem: 0.37 seconds
Building cost matrix ...
Time to build cost matrix: 0.24 seconds
Solving linear assignment problem ...
Total cost =  -198790390

Time to solve linear assignment problem: 0.36 seconds
Building cost matrix ...
Time to build cost matrix: 0.24 seconds
Solving linear assignment problem ...
Total cost =  -195951104

Time to solve linear assignment problem: 0.37 seconds
Building cost matrix ...
Time to build cost matrix: 0.24 seconds
Solving linear assignment problem ...
Total cost =  -197505228

Time to solve linear assignment problem: 0.37 seconds
Building cost matrix ...
Time to build cost matrix: 0.24 seconds
Solving linear assignment problem ...
Total cost =  -201600298

Time to solve linear assignment problem: 0.38 seconds
Building cost matrix ...
Time to build cost matrix: 0.24 seconds
Solving linear assignment problem ...
Total cost =  -196760516

Time to solve linear assignment problem: 0.37 seconds
Building cost matrix ...
Time to build cost matrix: 0.24 seconds
Solving linear assignment problem ...
Total cost =  -199756626

Time to solve linear assignment problem: 0.38 seconds
Building cost matrix ...
Time to build cost matrix: 0.23 seconds
Solving linear assignment problem ...
Total cost =  -190558260

Time to solve linear assignment problem: 0.32 seconds
Total time to run CytoSPACE core algorithm: 38.58 seconds
Saving results ...
Skipping assigned_expression export (CYTOSPACE_SKIP_ASSIGNED_EXPRESSION=1)
Total execution time: 40.71 seconds
[Stage4 cytospace] summary:
{
  "n_cells_before_prefilter": 5112,
  "n_cells_after_prefilter": 5112,
  "n_filtered": 0,
  "assignment_rows": 42345,
  "assigned_locations_rows": 42345,
  "by_spot_total_cells": 42345,
  "missing_present_in_assignment": 0,
  "missing_present_in_assignment_by_type": {},
  "filter_mode": "none",
  "stage3_weak_th": 0.4,
  "stage3_strong_th": 0.7,
  "sampling_sub_spots": true,
  "n_subspots": 800,
  "solver_method": "lap_CSPR",
  "seed": 42,
  "missing_type_truth": null,
  "missing_type_list": [
    "T cells CD8"
  ],
  "cells_per_spot_override": null,
  "cell_type_column": "sc_meta",
  "filter_scope": "unsupported_all",
  "type_list": [
    "Ext_Thal_1",
    "Inh_Pvalb",
    "Oligo_2",
    "Astro_CTX",
    "Nb_1",
    "Micro"
  ],
  "full_type_list": [
    "Ext_Thal_1",
    "Inh_Pvalb",
    "Oligo_2",
    "Astro_CTX",
    "Nb_1",
    "Micro"
  ],
  "active_type_list": [
    "Ext_Thal_1",
    "Inh_Pvalb",
    "Oligo_2",
    "Astro_CTX",
    "Nb_1",
    "Micro"
  ],
  "raw_output_types_by_spot": [
    "Astro_CTX",
    "Inh_Pvalb",
    "Oligo_2",
    "Micro",
    "Ext_Thal_1",
    "Nb_1"
  ],
  "raw_output_types_fractional": [
    "Astro_CTX",
    "Inh_Pvalb",
    "Oligo_2",
    "Micro",
    "Ext_Thal_1",
    "Nb_1"
  ],
  "type_alignment_ok": true,
  "type_alignment_diff_max": 0.0,
  "marked_unknown_total": 0,
  "marked_unknown_missing": 0,
  "marked_unknown_non_missing": 0,
  "missing_type_total_in_pool": 0,
  "missing_type_total_in_pool_by_type": {},
  "missing_type_stage3_detected": false,
  "oracle_only_filtered_missing": 0,
  "sha1": {
    "cell_assignment": "233bb150e658304cd4ddc8dc9aeef463195d28a8",
    "sim_info": "f61737a51324cfd57778a6daa5b237ea75eee247",
    "sc_metadata": "fb68e57397c71fb615259900b140cd5e95a2f849"
  },
  "cell_assignment_path": "V:\\result\\mouse_brain_refined7_balanced_clustered_sim_sc_missing_ext_l56_scnoise05\\stage4_cytospace_baseline\\cytospace_output\\cell_assignment.csv",
  "cytospace_output": "V:\\result\\mouse_brain_refined7_balanced_clustered_sim_sc_missing_ext_l56_scnoise05\\stage4_cytospace_baseline\\cytospace_output",
  "stage3b_blank_regions": {
    "enabled": false,
    "applied_before_mapping": false,
    "full_spots": 8469,
    "mapped_spots": 8469,
    "blank_spots": 0
  },
  "mapping_cells_per_spot": 5,
  "truth_filter_enabled": false,
  "truth_filter_removed": 0,
  "mapping_cell_type_column": "sc_meta",
  "route2_restored_unknown_non_missing": 0,
  "route2_kept_unknown_missing": 0
}
[Stage4] Cleaned redundant: ['sc_expression_for_cytospace.csv', 'st_expression_for_cytospace.csv']
